main.c:140:5:main	64	static
main.c:246:6:SystemClock_Config	216	static
main.c:328:13:MX_ADC3_Init	24	static
main.c:378:13:MX_CRC_Init	8	static
main.c:409:13:MX_DCMI_Init	8	static
main.c:446:13:MX_DMA2D_Init	8	static
main.c:483:13:MX_I2C1_Init	8	static
main.c:529:13:MX_I2C3_Init	8	static
main.c:575:13:MX_LTDC_Init	64	static
main.c:637:13:MX_QUADSPI_Init	8	static
main.c:672:13:MX_RTC_Init	80	static
main.c:765:13:MX_SAI2_Init	8	static
main.c:840:13:MX_SDMMC1_SD_Init	4	static
main.c:868:13:MX_SPDIFRX_Init	8	static
main.c:904:13:MX_TIM1_Init	112	static
main.c:984:13:MX_TIM2_Init	64	static
main.c:1043:13:MX_TIM3_Init	64	static
main.c:1102:13:MX_TIM5_Init	64	static
main.c:1161:13:MX_TIM8_Init	40	static
main.c:1208:13:MX_TIM12_Init	40	static
main.c:1250:13:MX_USART1_UART_Init	8	static
main.c:1285:13:MX_USART6_UART_Init	8	static
main.c:1318:13:MX_DMA_Init	16	static
main.c:1335:13:MX_FMC_Init	40	static
main.c:1386:13:MX_GPIO_Init	72	static
main.c:1588:6:HAL_GPIO_EXTI_Callback	16	static
main.c:1613:6:StartDefaultTask	184	static
main.c:1736:6:StartSdReadTask	128	static
main.c:1798:6:HAL_TIM_PeriodElapsedCallback	16	static
main.c:1815:6:Error_Handler	4	static
