main.c:154:5:main	168	static
main.c:294:6:SystemClock_Config	216	static
main.c:376:13:MX_ADC3_Init	24	static
main.c:426:13:MX_CRC_Init	8	static
main.c:457:13:MX_DCMI_Init	8	static
main.c:494:13:MX_DMA2D_Init	8	static
main.c:531:13:MX_I2C1_Init	8	static
main.c:577:13:MX_I2C3_Init	8	static
main.c:623:13:MX_LTDC_Init	64	static
main.c:685:13:MX_QUADSPI_Init	8	static
main.c:720:13:MX_RTC_Init	80	static
main.c:813:13:MX_SAI2_Init	8	static
main.c:888:13:MX_SDMMC1_SD_Init	4	static
main.c:916:13:MX_SPDIFRX_Init	8	static
main.c:952:13:MX_TIM1_Init	112	static
main.c:1032:13:MX_TIM2_Init	64	static
main.c:1091:13:MX_TIM3_Init	64	static
main.c:1150:13:MX_TIM5_Init	64	static
main.c:1209:13:MX_TIM8_Init	40	static
main.c:1256:13:MX_TIM12_Init	40	static
main.c:1298:13:MX_USART1_UART_Init	8	static
main.c:1333:13:MX_USART6_UART_Init	8	static
main.c:1366:13:MX_DMA_Init	16	static
main.c:1383:13:MX_FMC_Init	40	static
main.c:1434:13:MX_GPIO_Init	72	static
main.c:1636:6:HAL_GPIO_EXTI_Callback	16	static
main.c:1648:6:HAL_UART_RxCpltCallback	24	static
main.c:1672:6:StartDefaultTask	16	static
main.c:1732:6:StartSdReadTask	128	static
main.c:1782:6:StartSdWriteTask	80	static
main.c:1831:6:StartSdFormatTask	24	static
main.c:1864:6:StartUsart6RxTask	48	static
main.c:1936:6:StartUsart6TxTask	16	static
main.c:1955:6:HAL_TIM_PeriodElapsedCallback	16	static
main.c:1972:6:Error_Handler	4	static
