stm32f7xx_hal_msp.c:69:6:HAL_MspInit	16	static
stm32f7xx_hal_msp.c:93:6:HAL_ADC_MspInit	48	static
stm32f7xx_hal_msp.c:138:6:HAL_ADC_MspDeInit	16	static
stm32f7xx_hal_msp.c:174:6:HAL_CRC_MspInit	24	static
stm32f7xx_hal_msp.c:196:6:HAL_CRC_MspDeInit	16	static
stm32f7xx_hal_msp.c:218:6:HAL_DCMI_MspInit	64	static
stm32f7xx_hal_msp.c:296:6:HAL_DCMI_MspDeInit	16	static
stm32f7xx_hal_msp.c:343:6:HAL_DMA2D_MspInit	24	static
stm32f7xx_hal_msp.c:368:6:HAL_DMA2D_MspDeInit	16	static
stm32f7xx_hal_msp.c:393:6:HAL_I2C_MspInit	56	static
stm32f7xx_hal_msp.c:453:6:HAL_I2C_MspDeInit	16	static
stm32f7xx_hal_msp.c:500:6:HAL_LTDC_MspInit	64	static
stm32f7xx_hal_msp.c:601:6:HAL_LTDC_MspDeInit	16	static
stm32f7xx_hal_msp.c:670:6:HAL_QSPI_MspInit	56	static
stm32f7xx_hal_msp.c:733:6:HAL_QSPI_MspDeInit	16	static
stm32f7xx_hal_msp.c:770:6:HAL_RTC_MspInit	16	static
stm32f7xx_hal_msp.c:792:6:HAL_RTC_MspDeInit	16	static
stm32f7xx_hal_msp.c:814:6:HAL_SD_MspInit	48	static
stm32f7xx_hal_msp.c:909:6:HAL_SD_MspDeInit	16	static
stm32f7xx_hal_msp.c:951:6:HAL_SPDIFRX_MspInit	48	static
stm32f7xx_hal_msp.c:986:6:HAL_SPDIFRX_MspDeInit	16	static
stm32f7xx_hal_msp.c:1014:6:HAL_TIM_Base_MspInit	40	static
stm32f7xx_hal_msp.c:1080:6:HAL_TIM_PWM_MspInit	24	static
stm32f7xx_hal_msp.c:1096:6:HAL_TIM_MspPostInit	56	static
stm32f7xx_hal_msp.c:1211:6:HAL_TIM_Base_MspDeInit	16	static
stm32f7xx_hal_msp.c:1277:6:HAL_TIM_PWM_MspDeInit	16	static
stm32f7xx_hal_msp.c:1299:6:HAL_UART_MspInit	56	static
stm32f7xx_hal_msp.c:1367:6:HAL_UART_MspDeInit	16	static
stm32f7xx_hal_msp.c:1412:13:HAL_FMC_MspInit	32	static
stm32f7xx_hal_msp.c:1517:6:HAL_SDRAM_MspInit	16	static
stm32f7xx_hal_msp.c:1529:13:HAL_FMC_MspDeInit	8	static
stm32f7xx_hal_msp.c:1603:6:HAL_SDRAM_MspDeInit	16	static
stm32f7xx_hal_msp.c:1615:6:HAL_SAI_MspInit	48	static
stm32f7xx_hal_msp.c:1665:6:HAL_SAI_MspDeInit	16	static
