stm32f7xx_it.c:79:6:NMI_Handler	4	static
stm32f7xx_it.c:92:6:HardFault_Handler	4	static
stm32f7xx_it.c:107:6:MemManage_Handler	4	static
stm32f7xx_it.c:122:6:BusFault_Handler	4	static
stm32f7xx_it.c:137:6:UsageFault_Handler	4	static
stm32f7xx_it.c:152:6:DebugMon_Handler	4	static
stm32f7xx_it.c:172:6:EXTI15_10_IRQHandler	8	static
stm32f7xx_it.c:186:6:SDMMC1_IRQHandler	8	static
stm32f7xx_it.c:200:6:TIM6_DAC_IRQHandler	8	static
stm32f7xx_it.c:214:6:DMA2_Stream3_IRQHandler	8	static
stm32f7xx_it.c:228:6:OTG_FS_IRQHandler	8	static
stm32f7xx_it.c:242:6:DMA2_Stream6_IRQHandler	8	static
stm32f7xx_it.c:256:6:LTDC_IRQHandler	8	static
stm32f7xx_it.c:270:6:DMA2D_IRQHandler	8	static
